\BOOKMARK [1][-]{section.1}{Introduction}{}% 1
\BOOKMARK [1][-]{section.2}{Literature Review}{}% 2
\BOOKMARK [2][-]{subsection.2.1}{Cyberbullying Detection in Social Media}{section.2}% 3
\BOOKMARK [2][-]{subsection.2.2}{Traditional Machine Learning Methods}{section.2}% 4
\BOOKMARK [2][-]{subsection.2.3}{Deep Learning for Text Representation}{section.2}% 5
\BOOKMARK [2][-]{subsection.2.4}{Transformer-Based Contextual Modeling}{section.2}% 6
\BOOKMARK [2][-]{subsection.2.5}{Multi-View and Representation Learning}{section.2}% 7
\BOOKMARK [2][-]{subsection.2.6}{Training Objectives and Optimizers}{section.2}% 8
\BOOKMARK [2][-]{subsection.2.7}{Research Gaps}{section.2}% 9
\BOOKMARK [1][-]{section.3}{Dataset and Preprocessing}{}% 10
\BOOKMARK [2][-]{subsection.3.1}{Datasets}{section.3}% 11
\BOOKMARK [3][-]{subsubsection.3.1.1}{Dataset I: Aggregated Shahane Cyberbullying Corpus}{subsection.3.1}% 12
\BOOKMARK [3][-]{subsubsection.3.1.2}{Dataset II: Davidson Hate-Speech Corpus}{subsection.3.1}% 13
\BOOKMARK [2][-]{subsection.3.2}{Preprocessing Pipeline}{section.3}% 14
\BOOKMARK [3][-]{subsubsection.3.2.1}{Text Cleaning and Normalization}{subsection.3.2}% 15
\BOOKMARK [3][-]{subsubsection.3.2.2}{Tokenization}{subsection.3.2}% 16
\BOOKMARK [3][-]{subsubsection.3.2.3}{Vocabulary Development and Coding}{subsection.3.2}% 17
\BOOKMARK [3][-]{subsubsection.3.2.4}{Standardization of Sequence Length}{subsection.3.2}% 18
\BOOKMARK [3][-]{subsubsection.3.2.5}{Word Embedding Representation}{subsection.3.2}% 19
\BOOKMARK [3][-]{subsubsection.3.2.6}{Handling Class Imbalance}{subsection.3.2}% 20
\BOOKMARK [1][-]{section.4}{Proposed Methodology}{}% 21
\BOOKMARK [2][-]{subsection.4.1}{Feature Engineering}{section.4}% 22
\BOOKMARK [3][-]{subsubsection.4.1.1}{Lexical Feature Extraction}{subsection.4.1}% 23
\BOOKMARK [3][-]{subsubsection.4.1.2}{Semantic Contextual Feature Extraction}{subsection.4.1}% 24
\BOOKMARK [3][-]{subsubsection.4.1.3}{Structural Sequential Feature Extraction}{subsection.4.1}% 25
\BOOKMARK [2][-]{subsection.4.2}{Contextual Embedding Layer}{section.4}% 26
\BOOKMARK [2][-]{subsection.4.3}{Lexical Feature Encoding \(CNN Branch\)}{section.4}% 27
\BOOKMARK [2][-]{subsection.4.4}{Semantic Context Encoding \(Transformer Branch\)}{section.4}% 28
\BOOKMARK [2][-]{subsection.4.5}{Structural Sequential Encoding \(BiLSTM Branch\)}{section.4}% 29
\BOOKMARK [2][-]{subsection.4.6}{Cross-View Interaction and Multi-Branch Feature Fusion}{section.4}% 30
\BOOKMARK [2][-]{subsection.4.7}{Fully Connected Projection and Classification}{section.4}% 31
\BOOKMARK [2][-]{subsection.4.8}{Architectural Summary}{section.4}% 32
\BOOKMARK [1][-]{section.5}{Baseline Models}{}% 33
\BOOKMARK [2][-]{subsection.5.1}{Bidirectional Long Short-Term Memory \(BiLSTM\)}{section.5}% 34
\BOOKMARK [2][-]{subsection.5.2}{Convolutional Neural Network \(CNN\)}{section.5}% 35
\BOOKMARK [2][-]{subsection.5.3}{Tuned LSTM}{section.5}% 36
\BOOKMARK [2][-]{subsection.5.4}{Random Forest \(RF\)}{section.5}% 37
\BOOKMARK [2][-]{subsection.5.5}{LightGBM}{section.5}% 38
\BOOKMARK [1][-]{section.6}{Experimental Setup}{}% 39
\BOOKMARK [2][-]{subsection.6.1}{Data Splitting and Encoding}{section.6}% 40
\BOOKMARK [2][-]{subsection.6.2}{Optimization and Learning Schedule}{section.6}% 41
\BOOKMARK [2][-]{subsection.6.3}{Loss Function}{section.6}% 42
\BOOKMARK [2][-]{subsection.6.4}{Training Configuration}{section.6}% 43
\BOOKMARK [2][-]{subsection.6.5}{Evaluation Metrics}{section.6}% 44
\BOOKMARK [1][-]{section.7}{Results and Discussion}{}% 45
\BOOKMARK [2][-]{subsection.7.1}{Baseline Model Comparison}{section.7}% 46
\BOOKMARK [2][-]{subsection.7.2}{Discussion of Baseline Results}{section.7}% 47
\BOOKMARK [2][-]{subsection.7.3}{Multi-View Representation Analysis}{section.7}% 48
\BOOKMARK [2][-]{subsection.7.4}{Comparison with State-of-the-Art}{section.7}% 49
\BOOKMARK [2][-]{subsection.7.5}{Limitations}{section.7}% 50
\BOOKMARK [1][-]{section.8}{Ablation Study}{}% 51
\BOOKMARK [2][-]{subsection.8.1}{Branch-Level Contribution Analysis}{section.8}% 52
\BOOKMARK [2][-]{subsection.8.2}{Attention-Based Fusion Mechanism}{section.8}% 53
\BOOKMARK [2][-]{subsection.8.3}{Summary of Findings}{section.8}% 54
\BOOKMARK [1][-]{section.9}{Conclusion and Future Work}{}% 55
\BOOKMARK [1][-]{section*.3}{References}{}% 56
